<html>
<body>
<pre>
<h1>µVision Build Log</h1>
<h2>Project:</h2>
D:\MojePliki\Git\PPSW_AGH\Current\Zieba_GPIO\Zieba_GPIO.uvproj
Project File Date:  03/30/2022

<h2>Output:</h2>
Rebuild target 'Target 1'
assembling Startup.s...
compiling main.c...
compiling led.c...
linking...
Program Size: Code=1272 RO-data=32 RW-data=4 ZI-data=1260  
FromELF: creating hex file...
".\Zieba_GPIO.axf" - 0 Errors, 0 Warning(s).
Rebuild target 'Target 1'
assembling Startup.s...
compiling main.c...
compiling led.c...
compiling keyboard.c...
linking...
Program Size: Code=1272 RO-data=32 RW-data=4 ZI-data=1260  
FromELF: creating hex file...
".\Zieba_GPIO.axf" - 0 Errors, 0 Warning(s).
Rebuild target 'Target 1'
assembling Startup.s...
compiling main.c...
main.c(37): warning:  #223-D: function "eKeyboardRead" declared implicitly
main.c(39): error:  #20: identifier "BUTTON_1" is undefined
main.c(43): error:  #20: identifier "BUTTON_2" is undefined
compiling led.c...
compiling keyboard.c...
keyboard.c(42): warning:  #1-D: last line of file ends without a newline
".\Zieba_GPIO.axf" - 2 Errors, 2 Warning(s).
Target not created
Rebuild target 'Target 1'
assembling Startup.s...
compiling main.c...
main.c(37): warning:  #223-D: function "eKeyboardRead" declared implicitly
main.c(39): error:  #20: identifier "BUTTON_1" is undefined
main.c(43): error:  #20: identifier "BUTTON_2" is undefined
compiling led.c...
keyboard.h(3): warning:  #1295-D: Deprecated declaration eKeyboardRead - give arg types
keyboard.h(4): warning:  #1295-D: Deprecated declaration KeyboardInit - give arg types
compiling keyboard.c...
keyboard.h(3): warning:  #1295-D: Deprecated declaration eKeyboardRead - give arg types
keyboard.h(4): warning:  #1295-D: Deprecated declaration KeyboardInit - give arg types
keyboard.c(40): warning:  #1-D: last line of file ends without a newline
".\Zieba_GPIO.axf" - 2 Errors, 6 Warning(s).
Target not created
Rebuild target 'Target 1'
assembling Startup.s...
compiling main.c...
main.c(37): warning:  #223-D: function "eKeyboardRead" declared implicitly
main.c(39): error:  #20: identifier "BUTTON_1" is undefined
main.c(43): error:  #20: identifier "BUTTON_2" is undefined
compiling led.c...
compiling keyboard.c...
keyboard.c(40): warning:  #1-D: last line of file ends without a newline
".\Zieba_GPIO.axf" - 2 Errors, 2 Warning(s).
Target not created
Rebuild target 'Target 1'
assembling Startup.s...
compiling main.c...
main.c(37): warning:  #223-D: function "eKeyboardRead" declared implicitly
main.c(39): error:  #20: identifier "BUTTON_1" is undefined
main.c(43): error:  #20: identifier "BUTTON_2" is undefined
compiling led.c...
compiling keyboard.c...
keyboard.c(40): warning:  #1-D: last line of file ends without a newline
".\Zieba_GPIO.axf" - 2 Errors, 2 Warning(s).
Target not created
Rebuild target 'Target 1'
assembling Startup.s...
compiling main.c...
main.c(37): warning:  #223-D: function "eKeyboardRead" declared implicitly
main.c(39): error:  #20: identifier "BUTTON_1" is undefined
main.c(43): error:  #20: identifier "BUTTON_2" is undefined
compiling led.c...
compiling keyboard.c...
keyboard.c(10): error:  #101: "KeyboardState" has already been declared in the current scope
keyboard.c(10): error:  #101: "RELASED" has already been declared in the current scope
keyboard.c(10): error:  #101: "BUTTON_0" has already been declared in the current scope
keyboard.c(10): error:  #101: "BUTTON_1" has already been declared in the current scope
keyboard.c(10): error:  #101: "BUTTON_2" has already been declared in the current scope
keyboard.c(10): error:  #101: "BUTTON_3" has already been declared in the current scope
keyboard.c(12): error:  #147-D: declaration is incompatible with "enum KeyboardState eKeyboardRead(void)" (declared at line 3 of "keyboard.h")
keyboard.c(42): warning:  #1-D: last line of file ends without a newline
".\Zieba_GPIO.axf" - 9 Errors, 2 Warning(s).
Target not created
Rebuild target 'Target 1'
assembling Startup.s...
compiling main.c...
main.c(37): warning:  #223-D: function "eKeyboardRead" declared implicitly
main.c(39): error:  #20: identifier "BUTTON_1" is undefined
main.c(43): error:  #20: identifier "BUTTON_2" is undefined
compiling led.c...
compiling keyboard.c...
keyboard.c(41): warning:  #1-D: last line of file ends without a newline
".\Zieba_GPIO.axf" - 2 Errors, 2 Warning(s).
Target not created
Rebuild target 'Target 1'
assembling Startup.s...
compiling main.c...
main.c(37): warning:  #223-D: function "eKeyboardRead" declared implicitly
main.c(39): error:  #20: identifier "BUTTON_1" is undefined
main.c(43): error:  #20: identifier "BUTTON_2" is undefined
compiling led.c...
compiling keyboard.c...
keyboard.c(41): warning:  #1-D: last line of file ends without a newline
".\Zieba_GPIO.axf" - 2 Errors, 2 Warning(s).
Target not created
Rebuild target 'Target 1'
assembling Startup.s...
compiling main.c...
main.c(37): warning:  #223-D: function "eKeyboardRead" declared implicitly
main.c(39): error:  #20: identifier "BUTTON_1" is undefined
main.c(43): error:  #20: identifier "BUTTON_2" is undefined
compiling led.c...
compiling keyboard.c...
".\Zieba_GPIO.axf" - 2 Errors, 1 Warning(s).
Target not created
Rebuild target 'Target 1'
assembling Startup.s...
compiling main.c...
compiling led.c...
compiling keyboard.c...
linking...
Program Size: Code=1272 RO-data=32 RW-data=4 ZI-data=1260  
FromELF: creating hex file...
".\Zieba_GPIO.axf" - 0 Errors, 0 Warning(s).
Rebuild target 'Target 1'
assembling Startup.s...
compiling main.c...
compiling led.c...
compiling keyboard.c...
linking...
Program Size: Code=1272 RO-data=32 RW-data=4 ZI-data=1260  
FromELF: creating hex file...
".\Zieba_GPIO.axf" - 0 Errors, 0 Warning(s).
Rebuild target 'Target 1'
assembling Startup.s...
compiling main.c...
compiling led.c...
compiling keyboard.c...
linking...
Program Size: Code=1272 RO-data=32 RW-data=4 ZI-data=1260  
FromELF: creating hex file...
".\Zieba_GPIO.axf" - 0 Errors, 0 Warning(s).
Rebuild target 'Target 1'
assembling Startup.s...
compiling main.c...
compiling led.c...
compiling keyboard.c...
linking...
Program Size: Code=1272 RO-data=32 RW-data=4 ZI-data=1260  
FromELF: creating hex file...
".\Zieba_GPIO.axf" - 0 Errors, 0 Warning(s).
Rebuild target 'Target 1'
assembling Startup.s...
compiling main.c...
compiling led.c...
compiling keyboard.c...
linking...
Program Size: Code=1272 RO-data=32 RW-data=4 ZI-data=1260  
FromELF: creating hex file...
".\Zieba_GPIO.axf" - 0 Errors, 0 Warning(s).
