<html>
<body>
<pre>
<h1>µVision Build Log</h1>
<h2>Project:</h2>
D:\MojePliki\Git\PPSW_AGH\Current\Zieba_GPIO\Zieba_GPIO.uvproj
Project File Date:  03/08/2022

<h2>Output:</h2>
Build target 'Target 1'
compiling main.c...
linking...
Program Size: Code=752 RO-data=16 RW-data=0 ZI-data=1256  
FromELF: creating hex file...
".\Zieba_GPIO.axf" - 0 Errors, 0 Warning(s).
Rebuild target 'Target 1'
assembling Startup.s...
compiling main.c...
linking...
Program Size: Code=752 RO-data=16 RW-data=0 ZI-data=1256  
FromELF: creating hex file...
".\Zieba_GPIO.axf" - 0 Errors, 0 Warning(s).
Rebuild target 'Target 1'
assembling Startup.s...
compiling main.c...
linking...
Program Size: Code=788 RO-data=16 RW-data=0 ZI-data=1256  
FromELF: creating hex file...
".\Zieba_GPIO.axf" - 0 Errors, 0 Warning(s).
Rebuild target 'Target 1'
assembling Startup.s...
compiling main.c...
main.c(7): error:  #20: identifier "uiDelayCounter" is undefined
main.c(5): warning:  #177-D: variable "uliDelayCounter" was declared but never referenced
".\Zieba_GPIO.axf" - 1 Errors, 1 Warning(s).
Target not created
Rebuild target 'Target 1'
assembling Startup.s...
compiling main.c...
main.c(7): error:  #20: identifier "uiDelayCounter" is undefined
".\Zieba_GPIO.axf" - 1 Errors, 0 Warning(s).
Target not created
Rebuild target 'Target 1'
assembling Startup.s...
compiling main.c...
linking...
Program Size: Code=796 RO-data=16 RW-data=0 ZI-data=1256  
FromELF: creating hex file...
".\Zieba_GPIO.axf" - 0 Errors, 0 Warning(s).
Rebuild target 'Target 1'
assembling Startup.s...
compiling main.c...
linking...
Program Size: Code=796 RO-data=16 RW-data=0 ZI-data=1256  
FromELF: creating hex file...
".\Zieba_GPIO.axf" - 0 Errors, 0 Warning(s).
Rebuild target 'Target 1'
assembling Startup.s...
compiling main.c...
linking...
Program Size: Code=796 RO-data=16 RW-data=0 ZI-data=1256  
FromELF: creating hex file...
".\Zieba_GPIO.axf" - 0 Errors, 0 Warning(s).
Rebuild target 'Target 1'
assembling Startup.s...
compiling main.c...
linking...
Program Size: Code=796 RO-data=16 RW-data=0 ZI-data=1256  
FromELF: creating hex file...
".\Zieba_GPIO.axf" - 0 Errors, 0 Warning(s).
Rebuild target 'Target 1'
assembling Startup.s...
compiling main.c...
linking...
Program Size: Code=796 RO-data=16 RW-data=0 ZI-data=1256  
FromELF: creating hex file...
".\Zieba_GPIO.axf" - 0 Errors, 0 Warning(s).
Rebuild target 'Target 1'
assembling Startup.s...
compiling main.c...
linking...
Program Size: Code=796 RO-data=16 RW-data=0 ZI-data=1256  
FromELF: creating hex file...
".\Zieba_GPIO.axf" - 0 Errors, 0 Warning(s).
Rebuild target 'Target 1'
assembling Startup.s...
compiling main.c...
linking...
Program Size: Code=796 RO-data=16 RW-data=0 ZI-data=1256  
FromELF: creating hex file...
".\Zieba_GPIO.axf" - 0 Errors, 0 Warning(s).
Rebuild target 'Target 1'
assembling Startup.s...
compiling main.c...
linking...
Program Size: Code=796 RO-data=16 RW-data=0 ZI-data=1256  
FromELF: creating hex file...
".\Zieba_GPIO.axf" - 0 Errors, 0 Warning(s).
Rebuild target 'Target 1'
assembling Startup.s...
compiling main.c...
linking...
Program Size: Code=796 RO-data=16 RW-data=0 ZI-data=1256  
FromELF: creating hex file...
".\Zieba_GPIO.axf" - 0 Errors, 0 Warning(s).
Rebuild target 'Target 1'
assembling Startup.s...
compiling main.c...
linking...
Program Size: Code=796 RO-data=16 RW-data=0 ZI-data=1256  
FromELF: creating hex file...
".\Zieba_GPIO.axf" - 0 Errors, 0 Warning(s).
Rebuild target 'Target 1'
assembling Startup.s...
compiling main.c...
linking...
Program Size: Code=796 RO-data=16 RW-data=0 ZI-data=1256  
FromELF: creating hex file...
".\Zieba_GPIO.axf" - 0 Errors, 0 Warning(s).
Rebuild target 'Target 1'
assembling Startup.s...
compiling main.c...
linking...
Program Size: Code=812 RO-data=16 RW-data=0 ZI-data=1256  
FromELF: creating hex file...
".\Zieba_GPIO.axf" - 0 Errors, 0 Warning(s).
Rebuild target 'Target 1'
assembling Startup.s...
compiling main.c...
linking...
Program Size: Code=812 RO-data=16 RW-data=0 ZI-data=1256  
FromELF: creating hex file...
".\Zieba_GPIO.axf" - 0 Errors, 0 Warning(s).
Rebuild target 'Target 1'
assembling Startup.s...
compiling main.c...
linking...
Program Size: Code=812 RO-data=16 RW-data=0 ZI-data=1256  
FromELF: creating hex file...
".\Zieba_GPIO.axf" - 0 Errors, 0 Warning(s).
Rebuild target 'Target 1'
assembling Startup.s...
compiling main.c...
linking...
Program Size: Code=812 RO-data=16 RW-data=0 ZI-data=1256  
FromELF: creating hex file...
".\Zieba_GPIO.axf" - 0 Errors, 0 Warning(s).
Rebuild target 'Target 1'
assembling Startup.s...
compiling main.c...
main.c(10): error:  #20: identifier "uiDelayMilliseconds2" is undefined
".\Zieba_GPIO.axf" - 1 Errors, 0 Warning(s).
Target not created
Rebuild target 'Target 1'
assembling Startup.s...
compiling main.c...
linking...
Program Size: Code=828 RO-data=16 RW-data=0 ZI-data=1256  
FromELF: creating hex file...
".\Zieba_GPIO.axf" - 0 Errors, 0 Warning(s).
Rebuild target 'Target 1'
assembling Startup.s...
compiling main.c...
linking...
Program Size: Code=828 RO-data=16 RW-data=0 ZI-data=1256  
FromELF: creating hex file...
".\Zieba_GPIO.axf" - 0 Errors, 0 Warning(s).
Rebuild target 'Target 1'
assembling Startup.s...
compiling main.c...
main.c(7): warning:  #174-D: expression has no effect
linking...
Program Size: Code=828 RO-data=16 RW-data=0 ZI-data=1256  
FromELF: creating hex file...
".\Zieba_GPIO.axf" - 0 Errors, 1 Warning(s).
Rebuild target 'Target 1'
assembling Startup.s...
compiling main.c...
main.c(7): warning:  #174-D: expression has no effect
linking...
Program Size: Code=824 RO-data=16 RW-data=0 ZI-data=1256  
FromELF: creating hex file...
".\Zieba_GPIO.axf" - 0 Errors, 1 Warning(s).
Rebuild target 'Target 1'
assembling Startup.s...
compiling main.c...
main.c(7): warning:  #174-D: expression has no effect
linking...
Program Size: Code=824 RO-data=16 RW-data=0 ZI-data=1256  
FromELF: creating hex file...
".\Zieba_GPIO.axf" - 0 Errors, 1 Warning(s).
Rebuild target 'Target 1'
assembling Startup.s...
compiling main.c...
main.c(7): warning:  #174-D: expression has no effect
linking...
Program Size: Code=824 RO-data=16 RW-data=0 ZI-data=1256  
FromELF: creating hex file...
".\Zieba_GPIO.axf" - 0 Errors, 1 Warning(s).
Rebuild target 'Target 1'
assembling Startup.s...
compiling main.c...
main.c(7): warning:  #174-D: expression has no effect
main.c(9): error:  #20: identifier "uiDelayCounter" is undefined
main.c(5): warning:  #177-D: variable "uliDelayCounter" was declared but never referenced
".\Zieba_GPIO.axf" - 1 Errors, 2 Warning(s).
Target not created
Rebuild target 'Target 1'
assembling Startup.s...
compiling main.c...
main.c(7): warning:  #174-D: expression has no effect
linking...
Program Size: Code=824 RO-data=16 RW-data=0 ZI-data=1256  
FromELF: creating hex file...
".\Zieba_GPIO.axf" - 0 Errors, 1 Warning(s).
Rebuild target 'Target 1'
assembling Startup.s...
compiling main.c...
main.c(7): warning:  #174-D: expression has no effect
linking...
Program Size: Code=824 RO-data=16 RW-data=0 ZI-data=1256  
FromELF: creating hex file...
".\Zieba_GPIO.axf" - 0 Errors, 1 Warning(s).
Rebuild target 'Target 1'
assembling Startup.s...
compiling main.c...
main.c(7): warning:  #174-D: expression has no effect
linking...
Program Size: Code=824 RO-data=16 RW-data=0 ZI-data=1256  
FromELF: creating hex file...
".\Zieba_GPIO.axf" - 0 Errors, 1 Warning(s).
Rebuild target 'Target 1'
assembling Startup.s...
compiling main.c...
linking...
Program Size: Code=824 RO-data=16 RW-data=0 ZI-data=1256  
FromELF: creating hex file...
".\Zieba_GPIO.axf" - 0 Errors, 0 Warning(s).
Rebuild target 'Target 1'
assembling Startup.s...
compiling main.c...
linking...
Program Size: Code=824 RO-data=16 RW-data=0 ZI-data=1256  
FromELF: creating hex file...
".\Zieba_GPIO.axf" - 0 Errors, 0 Warning(s).
Rebuild target 'Target 1'
assembling Startup.s...
compiling main.c...
linking...
Program Size: Code=820 RO-data=16 RW-data=0 ZI-data=1256  
FromELF: creating hex file...
".\Zieba_GPIO.axf" - 0 Errors, 0 Warning(s).
Rebuild target 'Target 1'
assembling Startup.s...
compiling main.c...
main.c(17): error:  #20: identifier "PIN_0_bm" is undefined
".\Zieba_GPIO.axf" - 1 Errors, 0 Warning(s).
Target not created
Rebuild target 'Target 1'
assembling Startup.s...
compiling main.c...
linking...
Program Size: Code=820 RO-data=16 RW-data=0 ZI-data=1256  
FromELF: creating hex file...
".\Zieba_GPIO.axf" - 0 Errors, 0 Warning(s).
Rebuild target 'Target 1'
assembling Startup.s...
compiling main.c...
linking...
Program Size: Code=820 RO-data=16 RW-data=0 ZI-data=1256  
FromELF: creating hex file...
".\Zieba_GPIO.axf" - 0 Errors, 0 Warning(s).
Rebuild target 'Target 1'
assembling Startup.s...
compiling main.c...
linking...
Program Size: Code=820 RO-data=16 RW-data=0 ZI-data=1256  
FromELF: creating hex file...
".\Zieba_GPIO.axf" - 0 Errors, 0 Warning(s).
Rebuild target 'Target 1'
assembling Startup.s...
compiling main.c...
linking...
Program Size: Code=820 RO-data=16 RW-data=0 ZI-data=1256  
FromELF: creating hex file...
".\Zieba_GPIO.axf" - 0 Errors, 0 Warning(s).
Rebuild target 'Target 1'
assembling Startup.s...
compiling main.c...
linking...
Program Size: Code=820 RO-data=16 RW-data=0 ZI-data=1256  
FromELF: creating hex file...
".\Zieba_GPIO.axf" - 0 Errors, 0 Warning(s).
