<html>
<body>
<pre>
<h1>µVision Build Log</h1>
<h2>Project:</h2>
D:\MojePliki\Git\PPSW_AGH\Tests\Test.uvproj
Project File Date:  03/16/2022

<h2>Output:</h2>
Rebuild target 'Target 1'
assembling Startup.s...
compiling main.c...
main.c(38): error:  #97: a function may not return a value of this type
main.c(46): error:  #20: identifier "DIFFERENT" is undefined
main.c(52): error:  #20: identifier "EQUAL" is undefined
main.c(54): error:  #20: identifier "DIFFERENT" is undefined
main.c(78): warning:  #1-D: last line of file ends without a newline
".\Test.axf" - 4 Errors, 1 Warning(s).
Target not created
Rebuild target 'Target 1'
assembling Startup.s...
compiling main.c...
main.c(6): error:  #40: expected an identifier
main.c(8): error:  #65: expected a ";"
main.c(16): warning:  #223-D: function "CopyString" declared implicitly
main.c(24): error:  #159: declaration is incompatible with previous "CopyString" (declared at line 16)
main.c(36): error:  #97: a function may not return a value of this type
main.c(44): error:  #20: identifier "DIFFERENT" is undefined
main.c(50): error:  #20: identifier "EQUAL" is undefined
main.c(52): error:  #20: identifier "DIFFERENT" is undefined
".\Test.axf" - 7 Errors, 1 Warning(s).
Target not created
Rebuild target 'Target 1'
assembling Startup.s...
compiling main.c...
main.c(6): error:  #18: expected a ")"
main.c(6): error:  #65: expected a ";"
main.c(36): error:  #97: a function may not return a value of this type
main.c(44): error:  #70: incomplete type is not allowed
main.c(50): error:  #70: incomplete type is not allowed
main.c(52): error:  #70: incomplete type is not allowed
main.c(6): error:  #235: variable "DIFFERENT" was declared with a never-completed type
main.c(6): error:  #235: variable "EQUAL" was declared with a never-completed type
".\Test.axf" - 8 Errors, 0 Warning(s).
Target not created
Rebuild target 'Target 1'
assembling Startup.s...
compiling main.c...
linking...
Program Size: Code=1012 RO-data=32 RW-data=276 ZI-data=1260  
FromELF: creating hex file...
".\Test.axf" - 0 Errors, 0 Warning(s).
Rebuild target 'Target 1'
assembling Startup.s...
compiling main.c...
linking...
Program Size: Code=1012 RO-data=32 RW-data=264 ZI-data=1256  
FromELF: creating hex file...
".\Test.axf" - 0 Errors, 0 Warning(s).
Rebuild target 'Target 1'
assembling Startup.s...
compiling main.c...
linking...
Program Size: Code=1012 RO-data=32 RW-data=72 ZI-data=1256  
FromELF: creating hex file...
".\Test.axf" - 0 Errors, 0 Warning(s).
Rebuild target 'Target 1'
assembling Startup.s...
compiling main.c...
linking...
Program Size: Code=1012 RO-data=32 RW-data=72 ZI-data=1256  
FromELF: creating hex file...
".\Test.axf" - 0 Errors, 0 Warning(s).
