<html>
<body>
<pre>
<h1>µVision Build Log</h1>
<h2>Project:</h2>
D:\MojePliki\Git\PPSW_AGH\Functions\Program\FUNCTIONS.uvproj
Project File Date:  03/11/2022

<h2>Output:</h2>
Rebuild target 'Target 1'
assembling Startup.s...
compiling main.c...
main.c(10): warning:  #375-D: declaration requires a typedef name
main.c(11): warning:  #375-D: declaration requires a typedef name
main.c(18): warning:  #375-D: declaration requires a typedef name
main.c(24): warning:  #375-D: declaration requires a typedef name
main.c(30): warning:  #375-D: declaration requires a typedef name
main.c(32): warning:  #375-D: declaration requires a typedef name
linking...
Program Size: Code=1920 RO-data=32 RW-data=316 ZI-data=1284  
FromELF: creating hex file...
".\FUNCTIONS.axf" - 0 Errors, 6 Warning(s).
Rebuild target 'Target 1'
assembling Startup.s...
compiling main.c...
main.c(10): warning:  #375-D: declaration requires a typedef name
main.c(11): warning:  #375-D: declaration requires a typedef name
main.c(18): warning:  #375-D: declaration requires a typedef name
main.c(24): warning:  #375-D: declaration requires a typedef name
main.c(30): warning:  #375-D: declaration requires a typedef name
main.c(32): warning:  #375-D: declaration requires a typedef name
linking...
Program Size: Code=1920 RO-data=32 RW-data=320 ZI-data=1280  
FromELF: creating hex file...
".\FUNCTIONS.axf" - 0 Errors, 6 Warning(s).
Rebuild target 'Target 1'
assembling Startup.s...
compiling main.c...
main.c(10): warning:  #375-D: declaration requires a typedef name
main.c(11): warning:  #375-D: declaration requires a typedef name
main.c(18): warning:  #375-D: declaration requires a typedef name
main.c(24): warning:  #375-D: declaration requires a typedef name
main.c(30): warning:  #375-D: declaration requires a typedef name
main.c(32): warning:  #375-D: declaration requires a typedef name
linking...
Program Size: Code=1920 RO-data=32 RW-data=316 ZI-data=1284  
FromELF: creating hex file...
".\FUNCTIONS.axf" - 0 Errors, 6 Warning(s).
