<html>
<body>
<pre>
<h1>µVision Build Log</h1>
<h2>Project:</h2>
D:\MojePliki\Git\PPSW_AGH\Current\Zieba_AUTOMATY\automaty.uvproj
Project File Date:  04/13/2022

<h2>Output:</h2>
Rebuild target 'Target 1'
assembling Startup.s...
compiling keyboard.c...
compiling led.c...
compiling main.c...
linking...
Program Size: Code=1240 RO-data=32 RW-data=4 ZI-data=1260  
FromELF: creating hex file...
".\automaty.axf" - 0 Errors, 0 Warning(s).
Rebuild target 'Target 1'
assembling Startup.s...
compiling keyboard.c...
compiling led.c...
compiling main.c...
linking...
Program Size: Code=1240 RO-data=32 RW-data=4 ZI-data=1260  
FromELF: creating hex file...
".\automaty.axf" - 0 Errors, 0 Warning(s).
Rebuild target 'Target 1'
assembling Startup.s...
compiling keyboard.c...
compiling led.c...
compiling main.c...
linking...
Program Size: Code=1240 RO-data=32 RW-data=4 ZI-data=1260  
FromELF: creating hex file...
".\automaty.axf" - 0 Errors, 0 Warning(s).
Rebuild target 'Target 1'
assembling Startup.s...
compiling keyboard.c...
compiling led.c...
compiling main.c...
main.c(22): error:  #20: identifier "eLedState" is undefined
main.c(22): error:  #20: identifier "STATE1" is undefined
main.c(27): error:  #20: identifier "STATE2" is undefined
".\automaty.axf" - 3 Errors, 0 Warning(s).
Target not created
Rebuild target 'Target 1'
assembling Startup.s...
compiling keyboard.c...
compiling led.c...
compiling main.c...
main.c(14): error:  #268: declaration may not appear after executable statement in block
main.c(48): warning:  #111-D: statement is unreachable
".\automaty.axf" - 1 Errors, 1 Warning(s).
Target not created
Rebuild target 'Target 1'
assembling Startup.s...
compiling keyboard.c...
compiling led.c...
compiling main.c...
main.c(14): error:  #268: declaration may not appear after executable statement in block
".\automaty.axf" - 1 Errors, 0 Warning(s).
Target not created
Rebuild target 'Target 1'
assembling Startup.s...
compiling keyboard.c...
compiling led.c...
compiling main.c...
main.c(14): error:  #268: declaration may not appear after executable statement in block
".\automaty.axf" - 1 Errors, 0 Warning(s).
Target not created
Rebuild target 'Target 1'
assembling Startup.s...
compiling keyboard.c...
compiling led.c...
compiling main.c...
linking...
Program Size: Code=1228 RO-data=32 RW-data=4 ZI-data=1260  
FromELF: creating hex file...
".\automaty.axf" - 0 Errors, 0 Warning(s).
Rebuild target 'Target 1'
assembling Startup.s...
compiling keyboard.c...
compiling led.c...
compiling main.c...
linking...
Program Size: Code=1228 RO-data=32 RW-data=4 ZI-data=1260  
FromELF: creating hex file...
".\automaty.axf" - 0 Errors, 0 Warning(s).
Rebuild target 'Target 1'
assembling Startup.s...
compiling keyboard.c...
compiling led.c...
compiling main.c...
linking...
Program Size: Code=1228 RO-data=32 RW-data=4 ZI-data=1260  
FromELF: creating hex file...
".\automaty.axf" - 0 Errors, 0 Warning(s).
