<html>
<body>
<pre>
<h1>µVision Build Log</h1>
<h2>Project:</h2>
D:\MojePliki\Git\PPSW_AGH\Current\Zieba_AUTOMATY\automaty.uvproj
Project File Date:  03/30/2022

<h2>Output:</h2>
Rebuild target 'Target 1'
assembling Startup.s...
compiling main.c...
compiling keyboard.c...
compiling led.c...
linking...
.\automaty.axf: Error: L6218E: Undefined symbol main (referred from rtentry2.o).
".\automaty.axf" - 1 Errors, 0 Warning(s).
Target not created
Rebuild target 'Target 1'
assembling Startup.s...
compiling main.c...
main.c(19): warning:  #1-D: last line of file ends without a newline
compiling keyboard.c...
compiling led.c...
linking...
Program Size: Code=740 RO-data=16 RW-data=0 ZI-data=1256  
FromELF: creating hex file...
".\automaty.axf" - 0 Errors, 1 Warning(s).
Build target 'Target 1'
compiling main.c...
compiling keyboard.c...
compiling led.c...
linking...
Program Size: Code=740 RO-data=16 RW-data=0 ZI-data=1256  
FromELF: creating hex file...
".\automaty.axf" - 0 Errors, 0 Warning(s).
Rebuild target 'Target 1'
assembling Startup.s...
compiling main.c...
compiling keyboard.c...
compiling led.c...
linking...
Program Size: Code=740 RO-data=16 RW-data=0 ZI-data=1256  
FromELF: creating hex file...
".\automaty.axf" - 0 Errors, 0 Warning(s).
Rebuild target 'Target 1'
assembling Startup.s...
compiling main.c...
main.c(39): warning:  #1-D: last line of file ends without a newline
compiling keyboard.c...
compiling led.c...
linking...
Program Size: Code=1148 RO-data=32 RW-data=4 ZI-data=1260  
FromELF: creating hex file...
".\automaty.axf" - 0 Errors, 1 Warning(s).
Rebuild target 'Target 1'
assembling Startup.s...
compiling main.c...
compiling keyboard.c...
compiling led.c...
linking...
Program Size: Code=1148 RO-data=32 RW-data=4 ZI-data=1260  
FromELF: creating hex file...
".\automaty.axf" - 0 Errors, 0 Warning(s).
Rebuild target 'Target 1'
assembling Startup.s...
compiling main.c...
main.c(29): warning:  #111-D: statement is unreachable
compiling keyboard.c...
compiling led.c...
linking...
Program Size: Code=1152 RO-data=32 RW-data=4 ZI-data=1260  
FromELF: creating hex file...
".\automaty.axf" - 0 Errors, 1 Warning(s).
Rebuild target 'Target 1'
assembling Startup.s...
compiling main.c...
compiling keyboard.c...
compiling led.c...
linking...
Program Size: Code=1160 RO-data=32 RW-data=4 ZI-data=1260  
FromELF: creating hex file...
".\automaty.axf" - 0 Errors, 0 Warning(s).
